[INFO] [1765110602.604620599] [op3_action_editor_executor]: Starting Action Editor with Webots simulation
[WARN] [1765110625.311833780] [op3_action_editor]: SIMULATION_MODE
/dev/ttyUSB0 added. (baudrate: 2000000)
(/dev/ttyUSB0) [ID:  1]     XM430-W350 added. 
(/dev/ttyUSB0) [ID:  2]     XM430-W350 added. 
(/dev/ttyUSB0) [ID:  3]     XM430-W350 added. 
(/dev/ttyUSB0) [ID:  4]     XM430-W350 added. 
(/dev/ttyUSB0) [ID:  5]     XM430-W350 added. 
(/dev/ttyUSB0) [ID:  6]     XM430-W350 added. 
(/dev/ttyUSB0) [ID:  7]     XM430-W350 added. 
(/dev/ttyUSB0) [ID:  8]     XM430-W350 added. 
(/dev/ttyUSB0) [ID:  9]     XM430-W350 added. 
(/dev/ttyUSB0) [ID: 10]     XM430-W350 added. 
(/dev/ttyUSB0) [ID: 11]     XM430-W350 added. 
(/dev/ttyUSB0) [ID: 12]     XM430-W350 added. 
(/dev/ttyUSB0) [ID: 13]     XM430-W350 added. 
(/dev/ttyUSB0) [ID: 14]     XM430-W350 added. 
(/dev/ttyUSB0) [ID: 15]     XM430-W350 added. 
(/dev/ttyUSB0) [ID: 16]     XM430-W350 added. 
(/dev/ttyUSB0) [ID: 17]     XM430-W350 added. 
(/dev/ttyUSB0) [ID: 18]     XM430-W350 added. 
(/dev/ttyUSB0) [ID: 19]     XM430-W350 added. 
(/dev/ttyUSB0) [ID: 20]     XM430-W350 added. 
(/dev/ttyUSB0) [ID:200]        OPEN-CR added. 
[INFO] [1765110625.350850128] [robotis_controller]: Load offsets...
[H[2J[3J[H[2J[3J[PortHandlerLinux::SetupPort] Error opening serial port!

[Action Editor for OP3]

 *Terminal screen size must be 80(col)x24(row).
 *Current terminal has 80 columns and 24 rows.


Press any key to start program...
                                                                                 
                                                                 Page Number:    
                                                                  Address:       
                                                                   Play Count:   
                                                                    Page Step:   
                                                                   Page Speed:   
                                                                   Accel Time:   
                                                                 Link to Next:   
                                                                 Link to Exit:   
                                                                                 
[1;1HID:  1(r_sho_pitch )[    ][1;63H55[2;1HID:  2(l_sho_pitch )[    ][2;63H55[3;1HID:  3(r_sho_roll  )[    ][3;63H55[4;1HID:  4(l_sho_roll  )[    ][4;63H55[5;1HID:  5(r_el        )[    ][5;63H55[6;1HID:  6(l_el        )[    ][6;63H55[7;1HID:  7(r_hip_yaw   )[    ][7;63H55[8;1HID:  8(l_hip_yaw   )[    ][8;63H55[9;1HID:  9(r_hip_roll  )[    ][9;63H55[10;1HID: 10(l_hip_roll  )[    ][10;63H55[11;1HID: 11(r_hip_pitch )[    ][11;63H55[12;1HID: 12(l_hip_pitch )[    ][12;63H55[13;1HID: 13(r_knee      )[    ][13;63H55[14;1HID: 14(l_knee      )[    ][14;63H55[15;1HID: 15(r_ank_pitch )[    ][15;63H55[16;1HID: 16(l_ank_pitch )[    ][16;63H55[17;1HID: 17(r_ank_roll  )[    ][17;63H55[18;1HID: 18(l_ank_roll  )[    ][18;63H55[19;1HID: 19(head_pan    )[    ][19;63H55[20;1HID: 20(head_tilt   )[    ][20;63H55[21;1H[21;1H   PauseTime        [    ]                                                       
   Time(x 8msec)    [    ]                                                       
                     STP7  STP0 STP1 STP2 STP3 STP4 STP5 STP6                    
]                                                                              [1;28H2089[2;28H1995[3;28H1556[4;28H2531[5;28H2552[6;28H1536[7;28H2044[8;28H2041[9;28H2030[10;28H1983[11;28H2110[12;28H1990[13;28H1891[14;28H2194[15;28H1946[16;28H2146[17;28H2065[18;28H2045[19;28H2138[20;28H2030[21;28H 000[22;28H 180[21;1H[1;33H----[2;33H----[3;33H----[4;33H----[5;33H----[6;33H----[7;33H----[8;33H----[9;33H----[10;33H----[11;33H----[12;33H----[13;33H----[14;33H----[15;33H----[16;33H----[17;33H----[18;33H----[19;33H----[20;33H----[21;33H 000[22;33H 000[21;1H[1;38H----[2;38H----[3;38H----[4;38H----[5;38H----[6;38H----[7;38H----[8;38H----[9;38H----[10;38H----[11;38H----[12;38H----[13;38H----[14;38H----[15;38H----[16;38H----[17;38H----[18;38H----[19;38H----[20;38H----[21;38H 000[22;38H 000[21;1H[1;43H----[2;43H----[3;43H----[4;43H----[5;43H----[6;43H----[7;43H----[8;43H----[9;43H----[10;43H----[11;43H----[12;43H----[13;43H----[14;43H----[15;43H----[16;43H----[17;43H----[18;43H----[19;43H----[20;43H----[21;43H 000[22;43H 000[21;1H[1;48H----[2;48H----[3;48H----[4;48H----[5;48H----[6;48H----[7;48H----[8;48H----[9;48H----[10;48H----[11;48H----[12;48H----[13;48H----[14;48H----[15;48H----[16;48H----[17;48H----[18;48H----[19;48H----[20;48H----[21;48H 000[22;48H 000[21;1H[1;53H----[2;53H----[3;53H----[4;53H----[5;53H----[6;53H----[7;53H----[8;53H----[9;53H----[10;53H----[11;53H----[12;53H----[13;53H----[14;53H----[15;53H----[16;53H----[17;53H----[18;53H----[19;53H----[20;53H----[21;53H 000[22;53H 000[21;1H[1;58H----[2;58H----[3;58H----[4;58H----[5;58H----[6;58H----[7;58H----[8;58H----[9;58H----[10;58H----[11;58H----[12;58H----[13;58H----[14;58H----[15;58H----[16;58H----[17;58H----[18;58H----[19;58H----[20;58H----[21;58H 000[22;58H 000[21;1H[1;22H----[2;22H----[3;22H----[4;22H----[5Current terminal size: 80x24

🚀 Starting Webots simulation...
⏳ Waiting for Webots to initialize...
✅ Webots started

🔍 Checking Webots topics...
📋 Available ROS topics:
✅ Webots topic found: /robotis_op3/joint_states
   Type: sensor_msgs/msg/JointState
✅ Webots topic found: /robotis_op3/r_sho_pitch_position/command
   Type: std_msgs/msg/Float64
✅ Webots topic found: /robotis_op3/camera/image_raw
   Type: sensor_msgs/msg/Image
✅ Webots topic found: /robotis_op3/imu
   Type: sensor_msgs/msg/Imu
📊 Found 40 joint command topics

🔬 Testing joint state data...
❌ No joint state data received

🔧 Starting OpenCR simulator...
✅ OpenCR simulator started

🌉 Starting Enhanced Webots Bridge...
✅ Webots Bridge started
✅ Bridge node verified in ROS graph

🔊 Starting audio player...
✅ Audio player started

🎯 Starting Action Editor...
============================================================
WEBOTS ACTION EDITOR READY
============================================================
• Action Editor should show joint states from Webots
• Play commands should move the robot in Webots
• Monitor the bridge debug messages
============================================================
✅ Action editor started

📋 Debug Instructions:
1. Check if joint states show in action editor (not ----)
2. Try 'Go' command on a step to test communication
3. Try 'Play' command to test full action playback
4. Monitor bridge output in another terminal:
   ros2 topic echo /webots_bridge/debug

🟢 All processes running. Keep this terminal open.
Press Ctrl+C to exit when finished.
❌ Webots has terminated
🧹 Cleaning up all processes...
  Terminating Action Editor...
  Terminating OpenCR Simulator...
  Terminating Webots Bridge...
✅ All processes terminated successfully.
