[INFO] [launch]: All log files can be found below /home/ruthhhs/.ros/log/2025-12-07-19-30-02-543678-ruthhhs-HP-Laptop-15-dy2xxx-3328
[INFO] [launch]: Default logging verbosity is set to INFO
[INFO] [soccer_vision_node-1]: process started with pid [3341]
[soccer_vision_node-1] [INFO] [1765110603.274690752] [soccer_vision]: Soccer vision initialized | mode=dummy | ball=True | field=True
[soccer_vision_node-1] [INFO] [1765110618.293305905] [soccer_vision]: Soccer vision alive | dummy=True | balls=258 | field_lines=20 | goal_posts=257
[soccer_vision_node-1] [INFO] [1765110633.299175733] [soccer_vision]: Soccer vision alive | dummy=True | balls=553 | field_lines=20 | goal_posts=552
[soccer_vision_node-1] [INFO] [1765110648.280284426] [soccer_vision]: Soccer vision alive | dummy=True | balls=839 | field_lines=20 | goal_posts=838
[soccer_vision_node-1] [INFO] [1765110663.265361061] [soccer_vision]: Soccer vision alive | dummy=True | balls=1124 | field_lines=20 | goal_posts=1123
[soccer_vision_node-1] [INFO] [1765110678.292104042] [soccer_vision]: Soccer vision alive | dummy=True | balls=1406 | field_lines=20 | goal_posts=1405
[soccer_vision_node-1] [INFO] [1765110693.292728949] [soccer_vision]: Soccer vision alive | dummy=True | balls=1692 | field_lines=20 | goal_posts=1691
[soccer_vision_node-1] [INFO] [1765110708.272276583] [soccer_vision]: Soccer vision alive | dummy=True | balls=1985 | field_lines=20 | goal_posts=1984
[soccer_vision_node-1] [INFO] [1765110723.307155535] [soccer_vision]: Soccer vision alive | dummy=True | balls=2259 | field_lines=20 | goal_posts=2258
[soccer_vision_node-1] [INFO] [1765110738.275738764] [soccer_vision]: Soccer vision alive | dummy=True | balls=2505 | field_lines=20 | goal_posts=2504
[soccer_vision_node-1] [INFO] [1765110753.263509381] [soccer_vision]: Soccer vision alive | dummy=True | balls=2716 | field_lines=20 | goal_posts=2715
[soccer_vision_node-1] [INFO] [1765110768.287971613] [soccer_vision]: Soccer vision alive | dummy=True | balls=2942 | field_lines=20 | goal_posts=2941
[soccer_vision_node-1] [INFO] [1765110783.265274191] [soccer_vision]: Soccer vision alive | dummy=True | balls=3172 | field_lines=20 | goal_posts=3171
[soccer_vision_node-1] [INFO] [1765110798.262991597] [soccer_vision]: Soccer vision alive | dummy=True | balls=3399 | field_lines=20 | goal_posts=3398
[soccer_vision_node-1] [INFO] [1765110813.273820771] [soccer_vision]: Soccer vision alive | dummy=True | balls=3626 | field_lines=20 | goal_posts=3625
[soccer_vision_node-1] [INFO] [1765110828.263899049] [soccer_vision]: Soccer vision alive | dummy=True | balls=3849 | field_lines=20 | goal_posts=3848
[soccer_vision_node-1] [INFO] [1765110843.277613769] [soccer_vision]: Soccer vision alive | dummy=True | balls=4032 | field_lines=20 | goal_posts=4031
[soccer_vision_node-1] [INFO] [1765110858.277977793] [soccer_vision]: Soccer vision alive | dummy=True | balls=4210 | field_lines=20 | goal_posts=4209
[soccer_vision_node-1] [INFO] [1765110873.275804712] [soccer_vision]: Soccer vision alive | dummy=True | balls=4391 | field_lines=20 | goal_posts=4390
[soccer_vision_node-1] [INFO] [1765110888.290871687] [soccer_vision]: Soccer vision alive | dummy=True | balls=4592 | field_lines=20 | goal_posts=4591
[soccer_vision_node-1] [INFO] [1765110903.263105289] [soccer_vision]: Soccer vision alive | dummy=True | balls=4796 | field_lines=20 | goal_posts=4795
[soccer_vision_node-1] [INFO] [1765110918.264396247] [soccer_vision]: Soccer vision alive | dummy=True | balls=5009 | field_lines=20 | goal_posts=5008
[soccer_vision_node-1] [INFO] [1765110933.309518283] [soccer_vision]: Soccer vision alive | dummy=True | balls=5200 | field_lines=20 | goal_posts=5199
[soccer_vision_node-1] [INFO] [1765110948.286760491] [soccer_vision]: Soccer vision alive | dummy=True | balls=5401 | field_lines=20 | goal_posts=5400
[soccer_vision_node-1] [INFO] [1765110963.263728290] [soccer_vision]: Soccer vision alive | dummy=True | balls=5612 | field_lines=20 | goal_posts=5611
[soccer_vision_node-1] [INFO] [1765110978.311503060] [soccer_vision]: Soccer vision alive | dummy=True | balls=5817 | field_lines=20 | goal_posts=5816
[soccer_vision_node-1] [INFO] [1765110993.333505335] [soccer_vision]: Soccer vision alive | dummy=True | balls=6019 | field_lines=20 | goal_posts=6018
[soccer_vision_node-1] [INFO] [1765111008.265219830] [soccer_vision]: Soccer vision alive | dummy=True | balls=6224 | field_lines=20 | goal_posts=6223
[soccer_vision_node-1] [INFO] [1765111023.300530489] [soccer_vision]: Soccer vision alive | dummy=True | balls=6436 | field_lines=20 | goal_posts=6435
[soccer_vision_node-1] [INFO] [1765111038.263382831] [soccer_vision]: Soccer vision alive | dummy=True | balls=6633 | field_lines=20 | goal_posts=6632
[soccer_vision_node-1] [INFO] [1765111053.317624903] [soccer_vision]: Soccer vision alive | dummy=True | balls=6810 | field_lines=20 | goal_posts=6809
[soccer_vision_node-1] [INFO] [1765111068.284596211] [soccer_vision]: Soccer vision alive | dummy=True | balls=7015 | field_lines=20 | goal_posts=7014
[soccer_vision_node-1] [INFO] [1765111083.274666868] [soccer_vision]: Soccer vision alive | dummy=True | balls=7208 | field_lines=20 | goal_posts=7207
[soccer_vision_node-1] [INFO] [1765111098.307840997] [soccer_vision]: Soccer vision alive | dummy=True | balls=7428 | field_lines=20 | goal_posts=7427
[soccer_vision_node-1] [INFO] [1765111113.297193731] [soccer_vision]: Soccer vision alive | dummy=True | balls=7621 | field_lines=20 | goal_posts=7620
[soccer_vision_node-1] [INFO] [1765111128.277329709] [soccer_vision]: Soccer vision alive | dummy=True | balls=7792 | field_lines=20 | goal_posts=7791
[soccer_vision_node-1] [INFO] [1765111143.267685275] [soccer_vision]: Soccer vision alive | dummy=True | balls=7959 | field_lines=20 | goal_posts=7958
[soccer_vision_node-1] [INFO] [1765111158.288964883] [soccer_vision]: Soccer vision alive | dummy=True | balls=8152 | field_lines=20 | goal_posts=8151
[soccer_vision_node-1] [INFO] [1765111173.331395848] [soccer_vision]: Soccer vision alive | dummy=True | balls=8332 | field_lines=20 | goal_posts=8331
[soccer_vision_node-1] [INFO] [1765111188.288462340] [soccer_vision]: Soccer vision alive | dummy=True | balls=8528 | field_lines=20 | goal_posts=8527
[soccer_vision_node-1] [INFO] [1765111203.301810547] [soccer_vision]: Soccer vision alive | dummy=True | balls=8730 | field_lines=20 | goal_posts=8729
[soccer_vision_node-1] [INFO] [1765111218.263551990] [soccer_vision]: Soccer vision alive | dummy=True | balls=8962 | field_lines=20 | goal_posts=8961
[soccer_vision_node-1] [INFO] [1765111233.263395877] [soccer_vision]: Soccer vision alive | dummy=True | balls=9177 | field_lines=20 | goal_posts=9176
[soccer_vision_node-1] [INFO] [1765111248.263096168] [soccer_vision]: Soccer vision alive | dummy=True | balls=9394 | field_lines=20 | goal_posts=9393
[soccer_vision_node-1] [INFO] [1765111263.263005070] [soccer_vision]: Soccer vision alive | dummy=True | balls=9570 | field_lines=20 | goal_posts=9569
[soccer_vision_node-1] [INFO] [1765111278.299805503] [soccer_vision]: Soccer vision alive | dummy=True | balls=9743 | field_lines=20 | goal_posts=9742
[soccer_vision_node-1] [INFO] [1765111293.265110874] [soccer_vision]: Soccer vision alive | dummy=True | balls=9900 | field_lines=20 | goal_posts=9899
[soccer_vision_node-1] [INFO] [1765111308.262988482] [soccer_vision]: Soccer vision alive | dummy=True | balls=10110 | field_lines=20 | goal_posts=10109
[soccer_vision_node-1] [INFO] [1765111323.280994077] [soccer_vision]: Soccer vision alive | dummy=True | balls=10324 | field_lines=20 | goal_posts=10323
[soccer_vision_node-1] [INFO] [1765111338.262897978] [soccer_vision]: Soccer vision alive | dummy=True | balls=10546 | field_lines=20 | goal_posts=10545
[soccer_vision_node-1] [INFO] [1765111353.266852063] [soccer_vision]: Soccer vision alive | dummy=True | balls=10756 | field_lines=20 | goal_posts=10755
[soccer_vision_node-1] [INFO] [1765111368.305996177] [soccer_vision]: Soccer vision alive | dummy=True | balls=10995 | field_lines=20 | goal_posts=10994
[soccer_vision_node-1] [INFO] [1765111383.279721412] [soccer_vision]: Soccer vision alive | dummy=True | balls=11223 | field_lines=20 | goal_posts=11222
[soccer_vision_node-1] [INFO] [1765111398.280658522] [soccer_vision]: Soccer vision alive | dummy=True | balls=11453 | field_lines=20 | goal_posts=11452
[soccer_vision_node-1] [INFO] [1765111413.273118297] [soccer_vision]: Soccer vision alive | dummy=True | balls=11662 | field_lines=20 | goal_posts=11661
[soccer_vision_node-1] [INFO] [1765111428.290057770] [soccer_vision]: Soccer vision alive | dummy=True | balls=11900 | field_lines=20 | goal_posts=11899
[soccer_vision_node-1] [INFO] [1765111443.290929640] [soccer_vision]: Soccer vision alive | dummy=True | balls=12144 | field_lines=20 | goal_posts=12143
[soccer_vision_node-1] [INFO] [1765111458.265328880] [soccer_vision]: Soccer vision alive | dummy=True | balls=12371 | field_lines=20 | goal_posts=12370
[soccer_vision_node-1] [INFO] [1765111473.294953065] [soccer_vision]: Soccer vision alive | dummy=True | balls=12589 | field_lines=20 | goal_posts=12588
[soccer_vision_node-1] [INFO] [1765111488.263039471] [soccer_vision]: Soccer vision alive | dummy=True | balls=12820 | field_lines=20 | goal_posts=12819
[soccer_vision_node-1] [INFO] [1765111503.304848272] [soccer_vision]: Soccer vision alive | dummy=True | balls=13049 | field_lines=20 | goal_posts=13048
[soccer_vision_node-1] [INFO] [1765111518.263694063] [soccer_vision]: Soccer vision alive | dummy=True | balls=13283 | field_lines=20 | goal_posts=13282
[soccer_vision_node-1] [INFO] [1765111533.264868253] [soccer_vision]: Soccer vision alive | dummy=True | balls=13517 | field_lines=20 | goal_posts=13516
[soccer_vision_node-1] [INFO] [1765111548.291385824] [soccer_vision]: Soccer vision alive | dummy=True | balls=13755 | field_lines=20 | goal_posts=13754
[soccer_vision_node-1] [INFO] [1765111563.304559975] [soccer_vision]: Soccer vision alive | dummy=True | balls=14011 | field_lines=20 | goal_posts=14010
[soccer_vision_node-1] [INFO] [1765111578.308960761] [soccer_vision]: Soccer vision alive | dummy=True | balls=14256 | field_lines=20 | goal_posts=14255
[soccer_vision_node-1] [INFO] [1765111593.268055664] [soccer_vision]: Soccer vision alive | dummy=True | balls=14503 | field_lines=20 | goal_posts=14502
[soccer_vision_node-1] [INFO] [1765111608.266876052] [soccer_vision]: Soccer vision alive | dummy=True | balls=14750 | field_lines=20 | goal_posts=14749
[soccer_vision_node-1] [INFO] [1765111623.263316850] [soccer_vision]: Soccer vision alive | dummy=True | balls=14993 | field_lines=20 | goal_posts=14992
[soccer_vision_node-1] [INFO] [1765111638.285106063] [soccer_vision]: Soccer vision alive | dummy=True | balls=15236 | field_lines=20 | goal_posts=15235
[soccer_vision_node-1] [INFO] [1765111653.302504590] [soccer_vision]: Soccer vision alive | dummy=True | balls=15469 | field_lines=20 | goal_posts=15468
[soccer_vision_node-1] [INFO] [1765111668.280281947] [soccer_vision]: Soccer vision alive | dummy=True | balls=15703 | field_lines=20 | goal_posts=15702
[soccer_vision_node-1] [INFO] [1765111683.310142144] [soccer_vision]: Soccer vision alive | dummy=True | balls=15935 | field_lines=20 | goal_posts=15934
[soccer_vision_node-1] [INFO] [1765111698.297717996] [soccer_vision]: Soccer vision alive | dummy=True | balls=16175 | field_lines=20 | goal_posts=16174
[soccer_vision_node-1] [INFO] [1765111713.280300890] [soccer_vision]: Soccer vision alive | dummy=True | balls=16405 | field_lines=20 | goal_posts=16404
[soccer_vision_node-1] [INFO] [1765111728.285582617] [soccer_vision]: Soccer vision alive | dummy=True | balls=16663 | field_lines=20 | goal_posts=16662
[soccer_vision_node-1] [INFO] [1765111743.290405448] [soccer_vision]: Soccer vision alive | dummy=True | balls=16898 | field_lines=20 | goal_posts=16897
[soccer_vision_node-1] [INFO] [1765111758.291711621] [soccer_vision]: Soccer vision alive | dummy=True | balls=17133 | field_lines=20 | goal_posts=17132
[soccer_vision_node-1] [INFO] [1765111773.264659222] [soccer_vision]: Soccer vision alive | dummy=True | balls=17369 | field_lines=20 | goal_posts=17368
[soccer_vision_node-1] [INFO] [1765111788.262934845] [soccer_vision]: Soccer vision alive | dummy=True | balls=17611 | field_lines=20 | goal_posts=17610
[soccer_vision_node-1] [INFO] [1765111803.290296968] [soccer_vision]: Soccer vision alive | dummy=True | balls=17852 | field_lines=20 | goal_posts=17851
[soccer_vision_node-1] [INFO] [1765111818.271716181] [soccer_vision]: Soccer vision alive | dummy=True | balls=18076 | field_lines=20 | goal_posts=18075
[soccer_vision_node-1] [INFO] [1765111833.263108897] [soccer_vision]: Soccer vision alive | dummy=True | balls=18233 | field_lines=20 | goal_posts=18232
[soccer_vision_node-1] [INFO] [1765111848.263002753] [soccer_vision]: Soccer vision alive | dummy=True | balls=18233 | field_lines=20 | goal_posts=18232
[soccer_vision_node-1] [INFO] [1765111863.262965393] [soccer_vision]: Soccer vision alive | dummy=True | balls=18233 | field_lines=20 | goal_posts=18232
[soccer_vision_node-1] [INFO] [1765111878.262965821] [soccer_vision]: Soccer vision alive | dummy=True | balls=18233 | field_lines=20 | goal_posts=18232
[soccer_vision_node-1] [INFO] [1765111893.262965220] [soccer_vision]: Soccer vision alive | dummy=True | balls=18233 | field_lines=20 | goal_posts=18232
[soccer_vision_node-1] [INFO] [1765111908.262971337] [soccer_vision]: Soccer vision alive | dummy=True | balls=18233 | field_lines=20 | goal_posts=18232
[soccer_vision_node-1] [INFO] [1765111923.262956191] [soccer_vision]: Soccer vision alive | dummy=True | balls=18233 | field_lines=20 | goal_posts=18232
[soccer_vision_node-1] [INFO] [1765111938.262827433] [soccer_vision]: Soccer vision alive | dummy=True | balls=18233 | field_lines=20 | goal_posts=18232
[soccer_vision_node-1] [INFO] [1765111953.262969051] [soccer_vision]: Soccer vision alive | dummy=True | balls=18233 | field_lines=20 | goal_posts=18232
[soccer_vision_node-1] [INFO] [1765111968.262937352] [soccer_vision]: Soccer vision alive | dummy=True | balls=18233 | field_lines=20 | goal_posts=18232
[soccer_vision_node-1] [INFO] [1765111983.262995518] [soccer_vision]: Soccer vision alive | dummy=True | balls=18233 | field_lines=20 | goal_posts=18232
[soccer_vision_node-1] [INFO] [1765111998.262975943] [soccer_vision]: Soccer vision alive | dummy=True | balls=18233 | field_lines=20 | goal_posts=18232
[soccer_vision_node-1] [INFO] [1765112013.262918563] [soccer_vision]: Soccer vision alive | dummy=True | balls=18233 | field_lines=20 | goal_posts=18232
[soccer_vision_node-1] [INFO] [1765112028.262968172] [soccer_vision]: Soccer vision alive | dummy=True | balls=18233 | field_lines=20 | goal_posts=18232
[soccer_vision_node-1] [INFO] [1765112043.262961965] [soccer_vision]: Soccer vision alive | dummy=True | balls=18233 | field_lines=20 | goal_posts=18232
[soccer_vision_node-1] [INFO] [1765112058.262962996] [soccer_vision]: Soccer vision alive | dummy=True | balls=18233 | field_lines=20 | goal_posts=18232
[soccer_vision_node-1] [INFO] [1765112073.262982637] [soccer_vision]: Soccer vision alive | dummy=True | balls=18233 | field_lines=20 | goal_posts=18232
[soccer_vision_node-1] [INFO] [1765112088.265622906] [soccer_vision]: Soccer vision alive | dummy=True | balls=18233 | field_lines=20 | goal_posts=18232
[soccer_vision_node-1] [INFO] [1765112103.262968702] [soccer_vision]: Soccer vision alive | dummy=True | balls=18233 | field_lines=20 | goal_posts=18232
[soccer_vision_node-1] [INFO] [1765112118.262906798] [soccer_vision]: Soccer vision alive | dummy=True | balls=18233 | field_lines=20 | goal_posts=18232
[soccer_vision_node-1] [INFO] [1765112133.262919588] [soccer_vision]: Soccer vision alive | dummy=True | balls=18233 | field_lines=20 | goal_posts=18232
[soccer_vision_node-1] [INFO] [1765112148.262961617] [soccer_vision]: Soccer vision alive | dummy=True | balls=18233 | field_lines=20 | goal_posts=18232
[soccer_vision_node-1] [INFO] [1765112163.262935008] [soccer_vision]: Soccer vision alive | dummy=True | balls=18233 | field_lines=20 | goal_posts=18232
[soccer_vision_node-1] [INFO] [1765112178.262971243] [soccer_vision]: Soccer vision alive | dummy=True | balls=18233 | field_lines=20 | goal_posts=18232
[soccer_vision_node-1] [INFO] [1765112193.262958941] [soccer_vision]: Soccer vision alive | dummy=True | balls=18233 | field_lines=20 | goal_posts=18232
[soccer_vision_node-1] [INFO] [1765112208.262948873] [soccer_vision]: Soccer vision alive | dummy=True | balls=18233 | field_lines=20 | goal_posts=18232
[soccer_vision_node-1] [INFO] [1765112223.264499733] [soccer_vision]: Soccer vision alive | dummy=True | balls=18233 | field_lines=20 | goal_posts=18232
[soccer_vision_node-1] [INFO] [1765112238.263040415] [soccer_vision]: Soccer vision alive | dummy=True | balls=18233 | field_lines=20 | goal_posts=18232
[soccer_vision_node-1] [INFO] [1765112253.268581127] [soccer_vision]: Soccer vision alive | dummy=True | balls=18233 | field_lines=20 | goal_posts=18232
[soccer_vision_node-1] [INFO] [1765112268.262967303] [soccer_vision]: Soccer vision alive | dummy=True | balls=18233 | field_lines=20 | goal_posts=18232
[soccer_vision_node-1] [INFO] [1765112283.263037829] [soccer_vision]: Soccer vision alive | dummy=True | balls=18233 | field_lines=20 | goal_posts=18232
[soccer_vision_node-1] [INFO] [1765112298.262920810] [soccer_vision]: Soccer vision alive | dummy=True | balls=18233 | field_lines=20 | goal_posts=18232
[soccer_vision_node-1] [INFO] [1765112313.262907864] [soccer_vision]: Soccer vision alive | dummy=True | balls=18233 | field_lines=20 | goal_posts=18232
[soccer_vision_node-1] [INFO] [1765112328.262930997] [soccer_vision]: Soccer vision alive | dummy=True | balls=18233 | field_lines=20 | goal_posts=18232
[soccer_vision_node-1] [INFO] [1765112343.262921032] [soccer_vision]: Soccer vision alive | dummy=True | balls=18233 | field_lines=20 | goal_posts=18232
[soccer_vision_node-1] [INFO] [1765112358.262911443] [soccer_vision]: Soccer vision alive | dummy=True | balls=18233 | field_lines=20 | goal_posts=18232
[soccer_vision_node-1] [INFO] [1765112373.262910747] [soccer_vision]: Soccer vision alive | dummy=True | balls=18233 | field_lines=20 | goal_posts=18232
[soccer_vision_node-1] [INFO] [1765112388.263411607] [soccer_vision]: Soccer vision alive | dummy=True | balls=18233 | field_lines=20 | goal_posts=18232
[soccer_vision_node-1] [INFO] [1765112403.263623393] [soccer_vision]: Soccer vision alive | dummy=True | balls=18233 | field_lines=20 | goal_posts=18232
[soccer_vision_node-1] [INFO] [1765112418.263662833] [soccer_vision]: Soccer vision alive | dummy=True | balls=18233 | field_lines=20 | goal_posts=18232
[soccer_vision_node-1] [INFO] [1765112433.263515479] [soccer_vision]: Soccer vision alive | dummy=True | balls=18233 | field_lines=20 | goal_posts=18232
[soccer_vision_node-1] [INFO] [1765114153.125925064] [soccer_vision]: Soccer vision alive | dummy=True | balls=18233 | field_lines=20 | goal_posts=18232
[soccer_vision_node-1] [INFO] [1765114158.263589613] [soccer_vision]: Soccer vision alive | dummy=True | balls=18233 | field_lines=20 | goal_posts=18232
[soccer_vision_node-1] [INFO] [1765114173.263498575] [soccer_vision]: Soccer vision alive | dummy=True | balls=18233 | field_lines=20 | goal_posts=18232
[soccer_vision_node-1] [INFO] [1765114188.263410375] [soccer_vision]: Soccer vision alive | dummy=True | balls=18233 | field_lines=20 | goal_posts=18232
[soccer_vision_node-1] [INFO] [1765114203.263729773] [soccer_vision]: Soccer vision alive | dummy=True | balls=18233 | field_lines=20 | goal_posts=18232
[soccer_vision_node-1] [INFO] [1765114218.267294447] [soccer_vision]: Soccer vision alive | dummy=True | balls=18233 | field_lines=20 | goal_posts=18232
[soccer_vision_node-1] [INFO] [1765114233.263436118] [soccer_vision]: Soccer vision alive | dummy=True | balls=18233 | field_lines=20 | goal_posts=18232
[soccer_vision_node-1] [INFO] [1765114248.266785909] [soccer_vision]: Soccer vision alive | dummy=True | balls=18233 | field_lines=20 | goal_posts=18232
[soccer_vision_node-1] [INFO] [1765114263.263501171] [soccer_vision]: Soccer vision alive | dummy=True | balls=18233 | field_lines=20 | goal_posts=18232
[soccer_vision_node-1] [INFO] [1765114278.263531075] [soccer_vision]: Soccer vision alive | dummy=True | balls=18233 | field_lines=20 | goal_posts=18232
[soccer_vision_node-1] [INFO] [1765114293.263664787] [soccer_vision]: Soccer vision alive | dummy=True | balls=18233 | field_lines=20 | goal_posts=18232
[soccer_vision_node-1] [INFO] [1765114308.263426437] [soccer_vision]: Soccer vision alive | dummy=True | balls=18233 | field_lines=20 | goal_posts=18232
